// Jest Snapshot v1, https://goo.gl/fbAQLP

exports[`Calculator Page renders correctly 1`] = `
<DocumentFragment>
  <div
    class="calcPage"
  >
    <h2
      class="calcText"
    >
      Let's solve math problems!
    </h2>
    <div
      class="calculator"
    >
      <div
        class="resultBar"
        role="none"
      >
        0
      </div>
      <div
        class="keypad"
      >
        <button
          class="singleButton"
          type="button"
        >
          AC
        </button>
        <button
          class="singleButton"
          type="button"
        >
          +/-
        </button>
        <button
          class="singleButton"
          type="button"
        >
          %
        </button>
        <button
          class="singleButton"
          type="button"
        >
          รท
        </button>
        <button
          class="singleButton"
          type="button"
        >
          7
        </button>
        <button
          class="singleButton"
          type="button"
        >
          8
        </button>
        <button
          class="singleButton"
          type="button"
        >
          9
        </button>
        <button
          class="singleButton"
          type="button"
        >
          x
        </button>
        <button
          class="singleButton"
          type="button"
        >
          4
        </button>
        <button
          class="singleButton"
          type="button"
        >
          5
        </button>
        <button
          class="singleButton"
          type="button"
        >
          6
        </button>
        <button
          class="singleButton"
          type="button"
        >
          -
        </button>
        <button
          class="singleButton"
          type="button"
        >
          1
        </button>
        <button
          class="singleButton"
          type="button"
        >
          2
        </button>
        <button
          class="singleButton"
          type="button"
        >
          3
        </button>
        <button
          class="singleButton"
          type="button"
        >
          +
        </button>
        <button
          class="doubleButton"
          type="button"
        >
          0
        </button>
        <button
          class="singleButton"
          type="button"
        >
          .
        </button>
        <button
          class="singleButton"
          type="button"
        >
          =
        </button>
      </div>
    </div>
  </div>
</DocumentFragment>
`;
